

================================================================
== Vitis HLS Report for 'hotspot_1'
================================================================
* Date:           Tue May 18 19:14:35 2021

* Version:        2020.1 (Build 2902540 on Wed May 27 20:16:15 MDT 2020)
* Project:        hotspot_0_kernel
* Solution:       solution (Vitis Kernel Flow Target)
* Product family: virtexuplus
* Target device:  xcu200-fsgd2104-2-e


================================================================
== Performance Estimates
================================================================
+ Timing: 
    * Summary: 
    +--------+---------+-----------+------------+
    |  Clock |  Target | Estimated | Uncertainty|
    +--------+---------+-----------+------------+
    |ap_clk  | 3.33 ns | 12.415 ns |   0.90 ns  |
    +--------+---------+-----------+------------+

+ Latency: 
    * Summary: 
    +---------+---------+-----------+-----------+---------+---------+---------+
    |  Latency (cycles) |   Latency (absolute)  |      Interval     | Pipeline|
    |   min   |   max   |    min    |    max    |   min   |   max   |   Type  |
    +---------+---------+-----------+-----------+---------+---------+---------+
    |  5767488|  5767488| 71.601 ms | 71.601 ms |  5767488|  5767488|   none  |
    +---------+---------+-----------+-----------+---------+---------+---------+

    + Detail: 
        * Instance: 
        N/A

        * Loop: 
        +----------------------------------+---------+---------+----------+-----------+-----------+--------+----------+
        |                                  |  Latency (cycles) | Iteration|  Initiation Interval  |  Trip  |          |
        |             Loop Name            |   min   |   max   |  Latency |  achieved |   target  |  Count | Pipelined|
        +----------------------------------+---------+---------+----------+-----------+-----------+--------+----------+
        |- VITIS_LOOP_9_1_VITIS_LOOP_10_2  |  5767308|  5767308|       163|         22|          1|  262144|    yes   |
        +----------------------------------+---------+---------+----------+-----------+-----------+--------+----------+



================================================================
== Utilization Estimates
================================================================
* Summary: 
+---------------------+---------+------+---------+---------+-----+
|         Name        | BRAM_18K|  DSP |    FF   |   LUT   | URAM|
+---------------------+---------+------+---------+---------+-----+
|DSP                  |        -|     -|        -|        -|    -|
|Expression           |        -|     -|        0|    50276|    -|
|FIFO                 |        -|     -|        -|        -|    -|
|Instance             |        -|    24|     2680|     1949|    -|
|Memory               |        -|     -|        -|        -|    -|
|Multiplexer          |        -|     -|        -|     2248|    -|
|Register             |        -|     -|    32682|      768|    -|
+---------------------+---------+------+---------+---------+-----+
|Total                |        0|    24|    35362|    55241|    0|
+---------------------+---------+------+---------+---------+-----+
|Available SLR        |     1440|  2280|   788160|   394080|  320|
+---------------------+---------+------+---------+---------+-----+
|Utilization SLR (%)  |        0|     1|        4|       14|    0|
+---------------------+---------+------+---------+---------+-----+
|Available            |     4320|  6840|  2364480|  1182240|  960|
+---------------------+---------+------+---------+---------+-----+
|Utilization (%)      |        0|  ~0  |        1|        4|    0|
+---------------------+---------+------+---------+---------+-----+

+ Detail: 
    * Instance: 
    +---------------------------------------+------------------------------------+---------+----+-----+-----+-----+
    |                Instance               |               Module               | BRAM_18K| DSP|  FF | LUT | URAM|
    +---------------------------------------+------------------------------------+---------+----+-----+-----+-----+
    |dadddsub_64ns_64ns_64_8_full_dsp_1_U8  |dadddsub_64ns_64ns_64_8_full_dsp_1  |        0|   3|  685|  635|    0|
    |dmul_64ns_64ns_64_8_max_dsp_1_U10      |dmul_64ns_64ns_64_8_max_dsp_1       |        0|   8|  388|  127|    0|
    |dsub_64ns_64ns_64_8_full_dsp_1_U9      |dsub_64ns_64ns_64_8_full_dsp_1      |        0|   3|  685|  635|    0|
    |faddfsub_32ns_32ns_32_7_full_dsp_1_U1  |faddfsub_32ns_32ns_32_7_full_dsp_1  |        0|   2|  318|  198|    0|
    |faddfsub_32ns_32ns_32_7_full_dsp_1_U2  |faddfsub_32ns_32ns_32_7_full_dsp_1  |        0|   2|  318|  198|    0|
    |fmul_32ns_32ns_32_4_max_dsp_1_U3       |fmul_32ns_32ns_32_4_max_dsp_1       |        0|   3|  143|   78|    0|
    |fmul_32ns_32ns_32_4_max_dsp_1_U4       |fmul_32ns_32ns_32_4_max_dsp_1       |        0|   3|  143|   78|    0|
    |fpext_32ns_64_2_no_dsp_1_U6            |fpext_32ns_64_2_no_dsp_1            |        0|   0|    0|    0|    0|
    |fpext_32ns_64_2_no_dsp_1_U7            |fpext_32ns_64_2_no_dsp_1            |        0|   0|    0|    0|    0|
    |fptrunc_64ns_32_2_no_dsp_1_U5          |fptrunc_64ns_32_2_no_dsp_1          |        0|   0|    0|    0|    0|
    +---------------------------------------+------------------------------------+---------+----+-----+-----+-----+
    |Total                                  |                                    |        0|  24| 2680| 1949|    0|
    +---------------------------------------+------------------------------------+---------+----+-----+-----+-----+

    * DSP: 
    N/A

    * Memory: 
    N/A

    * FIFO: 
    N/A

    * Expression: 
    +--------------------------------------+----------+----+---+------+------------+------------+
    |             Variable Name            | Operation| DSP| FF|  LUT | Bitwidth P0| Bitwidth P1|
    +--------------------------------------+----------+----+---+------+------------+------------+
    |add_ln10_fu_2496_p2                   |     +    |   0|  0|    17|          10|           1|
    |add_ln47_1_fu_2785_p2                 |     +    |   0|  0|    15|           6|           6|
    |add_ln47_fu_2079_p2                   |     +    |   0|  0|    71|          64|          64|
    |add_ln48_1_fu_2220_p2                 |     +    |   0|  0|    71|          64|          64|
    |add_ln48_2_fu_2224_p2                 |     +    |   0|  0|    15|           6|           6|
    |add_ln48_fu_1329_p2                   |     +    |   0|  0|    71|           4|          64|
    |add_ln49_1_fu_2855_p2                 |     +    |   0|  0|    15|           6|           6|
    |add_ln49_fu_2253_p2                   |     +    |   0|  0|    71|          64|          64|
    |add_ln63_1_fu_2756_p2                 |     +    |   0|  0|    15|           6|           6|
    |add_ln63_fu_2037_p2                   |     +    |   0|  0|    71|          64|          64|
    |add_ln64_1_fu_2180_p2                 |     +    |   0|  0|    15|           6|           6|
    |add_ln64_fu_2052_p2                   |     +    |   0|  0|    71|          64|          64|
    |add_ln65_1_fu_2781_p2                 |     +    |   0|  0|    15|           6|           6|
    |add_ln65_fu_2371_p2                   |     +    |   0|  0|    71|          64|          64|
    |add_ln80_1_fu_2731_p2                 |     +    |   0|  0|    15|           6|           6|
    |add_ln80_fu_1963_p2                   |     +    |   0|  0|    71|          64|          64|
    |add_ln81_1_fu_2144_p2                 |     +    |   0|  0|    71|          64|          64|
    |add_ln81_2_fu_2817_p2                 |     +    |   0|  0|    15|           6|           6|
    |add_ln81_3_fu_2299_p2                 |     +    |   0|  0|    71|          64|          64|
    |add_ln81_4_fu_2421_p2                 |     +    |   0|  0|    66|          59|           1|
    |add_ln81_5_fu_2843_p2                 |     +    |   0|  0|    15|           6|           6|
    |add_ln81_6_fu_2397_p2                 |     +    |   0|  0|    15|           6|           6|
    |add_ln81_fu_2122_p2                   |     +    |   0|  0|    25|          18|          18|
    |add_ln82_fu_1978_p2                   |     +    |   0|  0|    71|          64|          64|
    |add_ln86_1_fu_2469_p2                 |     +    |   0|  0|    66|          59|          59|
    |add_ln86_fu_2334_p2                   |     +    |   0|  0|    25|          18|          18|
    |add_ln9_1_fu_1214_p2                  |     +    |   0|  0|    15|           5|           6|
    |add_ln9_2_fu_1296_p2                  |     +    |   0|  0|    15|           4|           6|
    |add_ln9_3_fu_2490_p2                  |     +    |   0|  0|    26|           1|          19|
    |add_ln9_4_fu_2267_p2                  |     +    |   0|  0|    25|          11|          18|
    |add_ln9_5_fu_1593_p2                  |     +    |   0|  0|    17|           1|          10|
    |add_ln9_fu_1262_p2                    |     +    |   0|  0|    15|           4|           6|
    |empty_25_fu_1041_p2                   |     +    |   0|  0|    71|          12|          64|
    |empty_27_fu_1099_p2                   |     +    |   0|  0|    71|          11|          64|
    |empty_28_fu_1124_p2                   |     +    |   0|  0|    71|          11|          64|
    |empty_29_fu_1159_p2                   |     +    |   0|  0|    71|          12|          64|
    |empty_32_fu_1452_p2                   |     +    |   0|  0|    71|          64|          64|
    |empty_33_fu_1477_p2                   |     +    |   0|  0|    71|          64|          64|
    |empty_34_fu_1408_p2                   |     +    |   0|  0|    28|          13|          21|
    |empty_35_fu_1504_p2                   |     +    |   0|  0|    71|          64|          64|
    |empty_36_fu_1529_p2                   |     +    |   0|  0|    71|          64|          64|
    |empty_38_fu_1356_p2                   |     +    |   0|  0|    71|          64|          64|
    |empty_40_fu_1380_p2                   |     +    |   0|  0|    71|          64|          64|
    |empty_42_fu_1424_p2                   |     +    |   0|  0|    71|          64|          64|
    |empty_43_fu_1533_p2                   |     +    |   0|  0|    71|          64|          64|
    |p_mid125_fu_1717_p2                   |     +    |   0|  0|    71|          64|          64|
    |p_mid127_fu_1742_p2                   |     +    |   0|  0|    71|          64|          64|
    |p_mid129_fu_1673_p2                   |     +    |   0|  0|    28|          13|          21|
    |p_mid131_fu_1769_p2                   |     +    |   0|  0|    71|          64|          64|
    |p_mid133_fu_1794_p2                   |     +    |   0|  0|    71|          64|          64|
    |p_mid137_fu_1621_p2                   |     +    |   0|  0|    71|          64|          64|
    |p_mid141_fu_1645_p2                   |     +    |   0|  0|    71|          64|          64|
    |p_mid145_fu_1689_p2                   |     +    |   0|  0|    71|          64|          64|
    |p_mid147_fu_1798_p2                   |     +    |   0|  0|    71|          64|          64|
    |and_ln22_fu_2005_p2                   |    and   |   0|  0|     2|           1|           1|
    |and_ln30_fu_2011_p2                   |    and   |   0|  0|     2|           1|           1|
    |and_ln38_fu_2017_p2                   |    and   |   0|  0|     2|           1|           1|
    |ap_block_pp0_stage0_00001             |    and   |   0|  0|     2|           1|           1|
    |ap_block_pp0_stage10_00001            |    and   |   0|  0|     2|           1|           1|
    |ap_block_pp0_stage13_00001            |    and   |   0|  0|     2|           1|           1|
    |ap_block_pp0_stage1_00001             |    and   |   0|  0|     2|           1|           1|
    |ap_block_pp0_stage21_00001            |    and   |   0|  0|     2|           1|           1|
    |ap_block_pp0_stage2_00001             |    and   |   0|  0|     2|           1|           1|
    |ap_block_pp0_stage3_00001             |    and   |   0|  0|     2|           1|           1|
    |ap_block_pp0_stage4_00001             |    and   |   0|  0|     2|           1|           1|
    |ap_block_state122_io                  |    and   |   0|  0|     2|           1|           1|
    |ap_block_state132_io                  |    and   |   0|  0|     2|           1|           1|
    |ap_block_state134_io                  |    and   |   0|  0|     2|           1|           1|
    |ap_block_state135_io                  |    and   |   0|  0|     2|           1|           1|
    |ap_block_state192_pp0_stage13_iter3   |    and   |   0|  0|     2|           1|           1|
    |ap_block_state204_pp0_stage3_iter4    |    and   |   0|  0|     2|           1|           1|
    |ap_block_state205_pp0_stage4_iter4    |    and   |   0|  0|     2|           1|           1|
    |ap_block_state275_io                  |    and   |   0|  0|     2|           1|           1|
    |ap_predicate_op1244_readreq_state130  |    and   |   0|  0|     2|           1|           1|
    |ap_predicate_op1259_readreq_state130  |    and   |   0|  0|     2|           1|           1|
    |ap_predicate_op1270_readreq_state130  |    and   |   0|  0|     2|           1|           1|
    |ap_predicate_op1412_readreq_state134  |    and   |   0|  0|     2|           1|           1|
    |ap_predicate_op1454_readreq_state135  |    and   |   0|  0|     2|           1|           1|
    |ap_predicate_op3339_read_state200     |    and   |   0|  0|     2|           1|           1|
    |ap_predicate_op3344_read_state200     |    and   |   0|  0|     2|           1|           1|
    |ap_predicate_op3347_read_state200     |    and   |   0|  0|     2|           1|           1|
    |ap_predicate_op3419_read_state202     |    and   |   0|  0|     2|           1|           1|
    |ap_predicate_op3424_read_state202     |    and   |   0|  0|     2|           1|           1|
    |ap_predicate_op3487_read_state204     |    and   |   0|  0|     2|           1|           1|
    |ap_predicate_op3542_read_state205     |    and   |   0|  0|     2|           1|           1|
    |cmp2_fu_1842_p2                       |   icmp   |   0|  0|    13|          10|           1|
    |cmp2_mid1_fu_1879_p2                  |   icmp   |   0|  0|    13|          10|           1|
    |cmp4_fu_1848_p2                       |   icmp   |   0|  0|    13|          10|           9|
    |cmp4_mid1_fu_1892_p2                  |   icmp   |   0|  0|    13|          10|           9|
    |icmp_ln10_fu_1854_p2                  |   icmp   |   0|  0|    13|          10|          11|
    |icmp_ln11_1_fu_1921_p2                |   icmp   |   0|  0|    13|          10|           9|
    |icmp_ln11_fu_1915_p2                  |   icmp   |   0|  0|    13|          10|           1|
    |icmp_ln14_fu_1999_p2                  |   icmp   |   0|  0|    13|           9|           1|
    |icmp_ln48_fu_2229_p2                  |   icmp   |   0|  0|    11|           6|           5|
    |icmp_ln64_fu_2185_p2                  |   icmp   |   0|  0|    11|           6|           5|
    |icmp_ln81_fu_2402_p2                  |   icmp   |   0|  0|    11|           6|           5|
    |icmp_ln86_1_fu_2474_p2                |   icmp   |   0|  0|     9|           4|           2|
    |icmp_ln86_fu_2463_p2                  |   icmp   |   0|  0|     9|           4|           1|
    |icmp_ln9_fu_1587_p2                   |   icmp   |   0|  0|    20|          19|          20|
    |lshr_ln23_fu_1313_p2                  |   lshr   |   0|  0|  2171|         512|         512|
    |lshr_ln24_fu_1231_p2                  |   lshr   |   0|  0|  2171|         512|         512|
    |lshr_ln25_fu_1279_p2                  |   lshr   |   0|  0|  2171|         512|         512|
    |lshr_ln31_1_fu_2619_p2                |   lshr   |   0|  0|  2171|         512|         512|
    |lshr_ln31_fu_2501_p2                  |   lshr   |   0|  0|  2171|         512|         512|
    |lshr_ln32_1_fu_2631_p2                |   lshr   |   0|  0|  2171|         512|         512|
    |lshr_ln32_fu_2513_p2                  |   lshr   |   0|  0|  2171|         512|         512|
    |lshr_ln33_1_fu_2659_p2                |   lshr   |   0|  0|  2171|         512|         512|
    |lshr_ln33_fu_2548_p2                  |   lshr   |   0|  0|  2171|         512|         512|
    |lshr_ln47_fu_2801_p2                  |   lshr   |   0|  0|  2171|         512|         512|
    |lshr_ln48_fu_2945_p2                  |   lshr   |   0|  0|  2171|        1024|        1024|
    |lshr_ln49_fu_3040_p2                  |   lshr   |   0|  0|  2171|         512|         512|
    |lshr_ln56_1_fu_2711_p2                |   lshr   |   0|  0|  2171|         512|         512|
    |lshr_ln56_fu_2599_p2                  |   lshr   |   0|  0|  2171|         512|         512|
    |lshr_ln63_fu_2772_p2                  |   lshr   |   0|  0|  2171|         512|         512|
    |lshr_ln64_fu_2897_p2                  |   lshr   |   0|  0|  2171|        1024|        1024|
    |lshr_ln65_fu_3007_p2                  |   lshr   |   0|  0|  2171|         512|         512|
    |lshr_ln80_fu_2747_p2                  |   lshr   |   0|  0|  2171|         512|         512|
    |lshr_ln81_1_fu_2870_p2                |   lshr   |   0|  0|  2171|         512|         512|
    |lshr_ln81_2_fu_3067_p2                |   lshr   |   0|  0|  2171|        1024|        1024|
    |lshr_ln81_fu_2834_p2                  |   lshr   |   0|  0|  2171|         512|         512|
    |ap_block_pp0_stage0_11001             |    or    |   0|  0|     2|           1|           1|
    |ap_block_pp0_stage10_11001            |    or    |   0|  0|     2|           1|           1|
    |ap_block_pp0_stage11_11001            |    or    |   0|  0|     2|           1|           1|
    |ap_block_pp0_stage12_11001            |    or    |   0|  0|     2|           1|           1|
    |ap_block_pp0_stage13_11001            |    or    |   0|  0|     2|           1|           1|
    |ap_block_pp0_stage14_11001            |    or    |   0|  0|     2|           1|           1|
    |ap_block_pp0_stage15_11001            |    or    |   0|  0|     2|           1|           1|
    |ap_block_pp0_stage16_11001            |    or    |   0|  0|     2|           1|           1|
    |ap_block_pp0_stage17_11001            |    or    |   0|  0|     2|           1|           1|
    |ap_block_pp0_stage18_11001            |    or    |   0|  0|     2|           1|           1|
    |ap_block_pp0_stage19_11001            |    or    |   0|  0|     2|           1|           1|
    |ap_block_pp0_stage1_11001             |    or    |   0|  0|     2|           1|           1|
    |ap_block_pp0_stage20_11001            |    or    |   0|  0|     2|           1|           1|
    |ap_block_pp0_stage21_11001            |    or    |   0|  0|     2|           1|           1|
    |ap_block_pp0_stage2_11001             |    or    |   0|  0|     2|           1|           1|
    |ap_block_pp0_stage3_11001             |    or    |   0|  0|     2|           1|           1|
    |ap_block_pp0_stage4_11001             |    or    |   0|  0|     2|           1|           1|
    |ap_block_pp0_stage5_11001             |    or    |   0|  0|     2|           1|           1|
    |ap_block_pp0_stage8_11001             |    or    |   0|  0|     2|           1|           1|
    |ap_block_pp0_stage9_11001             |    or    |   0|  0|     2|           1|           1|
    |ap_block_state130_io                  |    or    |   0|  0|     2|           1|           1|
    |ap_block_state131_io                  |    or    |   0|  0|     2|           1|           1|
    |ap_block_state133_io                  |    or    |   0|  0|     2|           1|           1|
    |ap_block_state200_pp0_stage21_iter3   |    or    |   0|  0|     2|           1|           1|
    |ap_block_state201_pp0_stage0_iter4    |    or    |   0|  0|     2|           1|           1|
    |ap_block_state202_pp0_stage1_iter4    |    or    |   0|  0|     2|           1|           1|
    |ap_block_state203_pp0_stage2_iter4    |    or    |   0|  0|     2|           1|           1|
    |ap_block_state2_io                    |    or    |   0|  0|     2|           1|           1|
    |empty_37_fu_1346_p2                   |    or    |   0|  0|    20|          20|          11|
    |empty_39_fu_1371_p2                   |    or    |   0|  0|    20|          20|          11|
    |empty_41_fu_1414_p2                   |    or    |   0|  0|    21|          21|          11|
    |or_ln11_1_fu_1933_p2                  |    or    |   0|  0|     2|           1|           1|
    |or_ln11_2_fu_1939_p2                  |    or    |   0|  0|     2|           1|           1|
    |or_ln11_fu_1927_p2                    |    or    |   0|  0|     2|           1|           1|
    |or_ln14_fu_1993_p2                    |    or    |   0|  0|     9|           9|           9|
    |p_mid135_fu_1611_p2                   |    or    |   0|  0|    20|          20|          11|
    |p_mid139_fu_1636_p2                   |    or    |   0|  0|    20|          20|          11|
    |p_mid143_fu_1679_p2                   |    or    |   0|  0|    21|          21|          11|
    |select_ln48_fu_2245_p3                |  select  |   0|  0|     2|           1|           2|
    |select_ln64_fu_2191_p3                |  select  |   0|  0|     2|           1|           2|
    |select_ln70_fu_3193_p3                |  select  |   0|  0|    32|           1|          32|
    |select_ln86_fu_3238_p3                |  select  |   0|  0|   428|           1|           1|
    |select_ln9_1_fu_2531_p3               |  select  |   0|  0|   428|           1|           1|
    |select_ln9_2_fu_3186_p3               |  select  |   0|  0|   428|           1|           1|
    |select_ln9_3_fu_1868_p3               |  select  |   0|  0|    10|           1|          10|
    |select_ln9_4_fu_1884_p3               |  select  |   0|  0|     2|           1|           1|
    |select_ln9_5_fu_1897_p3               |  select  |   0|  0|     2|           1|           1|
    |select_ln9_6_fu_3137_p3               |  select  |   0|  0|    32|           1|          32|
    |select_ln9_7_fu_3144_p3               |  select  |   0|  0|    32|           1|          32|
    |select_ln9_8_fu_3168_p3               |  select  |   0|  0|    63|           1|          64|
    |select_ln9_9_fu_3175_p3               |  select  |   0|  0|    63|           1|          64|
    |select_ln9_fu_1860_p3                 |  select  |   0|  0|    10|           1|           1|
    |ap_enable_pp0                         |    xor   |   0|  0|     2|           1|           2|
    +--------------------------------------+----------+----+---+------+------------+------------+
    |Total                                 |          |   0|  0| 50276|       14610|       14999|
    +--------------------------------------+----------+----+---+------+------------+------------+

    * Multiplexer: 
    +-----------------------------------------+-----+-----------+-----+-----------+
    |                   Name                  | LUT | Input Size| Bits| Total Bits|
    +-----------------------------------------+-----+-----------+-----+-----------+
    |ap_NS_fsm                                |  877|        203|    1|        203|
    |ap_enable_reg_pp0_iter6                  |    9|          2|    1|          2|
    |ap_enable_reg_pp0_iter7                  |    9|          2|    1|          2|
    |ap_phi_mux_c_phi_fu_662_p4               |    9|          2|   10|         20|
    |ap_phi_mux_indvar_flatten_phi_fu_650_p4  |    9|          2|   19|         38|
    |ap_phi_mux_r_phi_fu_638_p4               |    9|          2|   10|         20|
    |ap_phi_mux_shiftreg_phi_fu_673_p4        |    9|          2|  480|        960|
    |ap_phi_reg_pp0_iter4_empty_45_reg_691    |    9|          2|  512|       1024|
    |ap_phi_reg_pp0_iter4_empty_47_reg_680    |    9|          2|  512|       1024|
    |ap_phi_reg_pp0_iter4_empty_48_reg_702    |    9|          2|  512|       1024|
    |ap_phi_reg_pp0_iter4_empty_49_reg_713    |   15|          3|  512|       1536|
    |c_reg_658                                |    9|          2|   10|         20|
    |delta_1_fu_190                           |   38|          7|   32|        224|
    |gmem_blk_n_AR                            |    9|          2|    1|          2|
    |gmem_blk_n_AW                            |    9|          2|    1|          2|
    |gmem_blk_n_B                             |    9|          2|    1|          2|
    |gmem_blk_n_R                             |    9|          2|    1|          2|
    |gmem_blk_n_W                             |    9|          2|    1|          2|
    |grp_fu_734_opcode                        |   15|          3|    2|          6|
    |grp_fu_734_p0                            |  141|         31|   32|        992|
    |grp_fu_734_p1                            |  133|         29|   32|        928|
    |grp_fu_738_opcode                        |   15|          3|    2|          6|
    |grp_fu_738_p0                            |   59|         14|   32|        448|
    |grp_fu_738_p1                            |   89|         18|   32|        576|
    |grp_fu_744_p0                            |   50|         11|   32|        352|
    |grp_fu_744_p1                            |   27|          5|   32|        160|
    |grp_fu_751_p0                            |   33|          6|   32|        192|
    |grp_fu_751_p1                            |   21|          4|   32|        128|
    |grp_fu_759_p0                            |   15|          3|   64|        192|
    |grp_fu_762_p0                            |   85|         17|   32|        544|
    |grp_fu_765_p0                            |   41|          8|   32|        256|
    |grp_fu_768_opcode                        |   15|          3|    2|          6|
    |grp_fu_768_p0                            |   59|         14|   64|        896|
    |grp_fu_768_p1                            |   85|         17|   64|       1088|
    |grp_fu_772_p1                            |   15|          3|   64|        192|
    |grp_fu_776_p0                            |   50|         11|   64|        704|
    |grp_fu_776_p1                            |   21|          4|   64|        256|
    |indvar_flatten_reg_646                   |    9|          2|   19|         38|
    |m_axi_gmem_ARADDR                        |  157|         35|   64|       2240|
    |m_axi_gmem_ARLEN                         |   21|          4|   32|        128|
    |phi_ln86_reg_722                         |    9|          2|  480|        960|
    |r_reg_634                                |    9|          2|   10|         20|
    |shiftreg_reg_669                         |    9|          2|  480|        960|
    +-----------------------------------------+-----+-----------+-----+-----------+
    |Total                                    | 2248|        494| 4412|      18375|
    +-----------------------------------------+-----+-----------+-----+-----------+

    * Register: 
    +---------------------------------------+-----+----+-----+-----------+
    |                  Name                 |  FF | LUT| Bits| Const Bits|
    +---------------------------------------+-----+----+-----+-----------+
    |add23_reg_4736                         |   32|   0|   32|          0|
    |add_ln10_reg_4053                      |   10|   0|   10|          0|
    |add_ln48_2_reg_3916                    |    6|   0|    6|          0|
    |add_ln48_reg_3518                      |   64|   0|   64|          0|
    |add_ln49_1_reg_4466                    |    6|   0|    6|          0|
    |add_ln64_1_reg_3890                    |    6|   0|    6|          0|
    |add_ln65_1_reg_4411                    |    6|   0|    6|          0|
    |add_ln81_4_reg_4005                    |   59|   0|   59|          0|
    |add_ln81_5_reg_4441                    |    6|   0|    6|          0|
    |add_ln81_6_reg_3990                    |    6|   0|    6|          0|
    |add_ln86_1_reg_4032                    |   59|   0|   59|          0|
    |add_ln9_3_reg_4048                     |   19|   0|   19|          0|
    |add_ln9_5_reg_3636                     |   10|   0|   10|          0|
    |add_ln9_reg_3462                       |    6|   0|    6|          0|
    |and_ln22_reg_3823                      |    1|   0|    1|          0|
    |and_ln30_reg_3827                      |    1|   0|    1|          0|
    |and_ln38_reg_3831                      |    1|   0|    1|          0|
    |ap_CS_fsm                              |  202|   0|  202|          0|
    |ap_enable_reg_pp0_iter0                |    1|   0|    1|          0|
    |ap_enable_reg_pp0_iter1                |    1|   0|    1|          0|
    |ap_enable_reg_pp0_iter2                |    1|   0|    1|          0|
    |ap_enable_reg_pp0_iter3                |    1|   0|    1|          0|
    |ap_enable_reg_pp0_iter4                |    1|   0|    1|          0|
    |ap_enable_reg_pp0_iter5                |    1|   0|    1|          0|
    |ap_enable_reg_pp0_iter6                |    1|   0|    1|          0|
    |ap_enable_reg_pp0_iter7                |    1|   0|    1|          0|
    |ap_phi_reg_pp0_iter1_empty_45_reg_691  |  512|   0|  512|          0|
    |ap_phi_reg_pp0_iter1_empty_47_reg_680  |  512|   0|  512|          0|
    |ap_phi_reg_pp0_iter1_empty_48_reg_702  |  512|   0|  512|          0|
    |ap_phi_reg_pp0_iter1_empty_49_reg_713  |  512|   0|  512|          0|
    |ap_phi_reg_pp0_iter2_empty_45_reg_691  |  512|   0|  512|          0|
    |ap_phi_reg_pp0_iter2_empty_47_reg_680  |  512|   0|  512|          0|
    |ap_phi_reg_pp0_iter2_empty_48_reg_702  |  512|   0|  512|          0|
    |ap_phi_reg_pp0_iter2_empty_49_reg_713  |  512|   0|  512|          0|
    |ap_phi_reg_pp0_iter3_empty_45_reg_691  |  512|   0|  512|          0|
    |ap_phi_reg_pp0_iter3_empty_47_reg_680  |  512|   0|  512|          0|
    |ap_phi_reg_pp0_iter3_empty_48_reg_702  |  512|   0|  512|          0|
    |ap_phi_reg_pp0_iter3_empty_49_reg_713  |  512|   0|  512|          0|
    |ap_phi_reg_pp0_iter4_empty_45_reg_691  |  512|   0|  512|          0|
    |ap_phi_reg_pp0_iter4_empty_47_reg_680  |  512|   0|  512|          0|
    |ap_phi_reg_pp0_iter4_empty_48_reg_702  |  512|   0|  512|          0|
    |ap_phi_reg_pp0_iter4_empty_49_reg_713  |  512|   0|  512|          0|
    |bitcast_ln16_reg_3400                  |   32|   0|   32|          0|
    |bitcast_ln24_1_reg_3446                |   32|   0|   32|          0|
    |bitcast_ln31_1_reg_4216                |   32|   0|   32|          0|
    |bitcast_ln31_reg_4073                  |   32|   0|   32|          0|
    |bitcast_ln32_1_reg_4104                |   32|   0|   32|          0|
    |bitcast_ln32_3_reg_4242                |   32|   0|   32|          0|
    |bitcast_ln33_1_reg_4264                |   32|   0|   32|          0|
    |bitcast_ln33_reg_4126                  |   32|   0|   32|          0|
    |bitcast_ln39_1_reg_4270                |   32|   0|   32|          0|
    |bitcast_ln39_reg_4132                  |   32|   0|   32|          0|
    |bitcast_ln40_2_reg_4292                |   32|   0|   32|          0|
    |bitcast_ln40_reg_4148                  |   32|   0|   32|          0|
    |bitcast_ln41_1_reg_4319                |   32|   0|   32|          0|
    |bitcast_ln41_reg_4170                  |   32|   0|   32|          0|
    |bitcast_ln48_1_reg_4562                |   32|   0|   32|          0|
    |bitcast_ln64_1_reg_4541                |   32|   0|   32|          0|
    |bitcast_ln80_reg_4691                  |   32|   0|   32|          0|
    |bitcast_ln81_3_reg_4629                |   32|   0|   32|          0|
    |c_reg_658                              |   10|   0|   10|          0|
    |conv3_mid1_reg_4646                    |   64|   0|   64|          0|
    |conv3_mid1_reg_4646_pp0_iter5_reg      |   64|   0|   64|          0|
    |conv3_reg_4330                         |   64|   0|   64|          0|
    |conv3_reg_4330_pp0_iter4_reg           |   64|   0|   64|          0|
    |conv4_mid1_reg_4651                    |   64|   0|   64|          0|
    |conv4_mid1_reg_4651_pp0_iter5_reg      |   64|   0|   64|          0|
    |conv4_reg_4335                         |   64|   0|   64|          0|
    |conv4_reg_4335_pp0_iter4_reg           |   64|   0|   64|          0|
    |conv5_mid1_reg_4686                    |   64|   0|   64|          0|
    |conv5_mid1_reg_4686_pp0_iter5_reg      |   64|   0|   64|          0|
    |conv5_reg_4426                         |   64|   0|   64|          0|
    |conv5_reg_4426_pp0_iter5_reg           |   64|   0|   64|          0|
    |conv6_mid1_reg_4309                    |   64|   0|   64|          0|
    |conv6_mid1_reg_4309_pp0_iter4_reg      |   64|   0|   64|          0|
    |conv6_reg_4165                         |   64|   0|   64|          0|
    |conv6_reg_4165_pp0_iter4_reg           |   64|   0|   64|          0|
    |conv9_mid1_reg_4676                    |   64|   0|   64|          0|
    |conv9_mid1_reg_4676_pp0_iter5_reg      |   64|   0|   64|          0|
    |conv9_reg_4386                         |   64|   0|   64|          0|
    |conv9_reg_4386_pp0_iter5_reg           |   64|   0|   64|          0|
    |conv_mid1_reg_4259                     |   64|   0|   64|          0|
    |conv_mid1_reg_4259_pp0_iter4_reg       |   64|   0|   64|          0|
    |conv_reg_4121                          |   64|   0|   64|          0|
    |conv_reg_4121_pp0_iter4_reg            |   64|   0|   64|          0|
    |delta_1_fu_190                         |   32|   0|   32|          0|
    |delta_1_load_1_reg_4762                |   32|   0|   32|          0|
    |delta_2_reg_3513                       |   32|   0|   32|          0|
    |delta_3_reg_4751                       |   32|   0|   32|          0|
    |delta_6_mid2_reg_4726                  |   32|   0|   32|          0|
    |delta_7_mid2_reg_4731                  |   32|   0|   32|          0|
    |empty_25_reg_3311                      |   64|   0|   64|          0|
    |empty_26_reg_3269                      |    6|   0|    6|          0|
    |empty_29_reg_3368                      |   64|   0|   64|          0|
    |empty_34_reg_3548                      |   10|   0|   21|         11|
    |empty_reg_3301                         |    6|   0|    6|          0|
    |gmem_addr_13_read_reg_4176             |  512|   0|  512|          0|
    |gmem_addr_15_read_reg_4371             |  512|   0|  512|          0|
    |gmem_addr_16_read_reg_4396             |  512|   0|  512|          0|
    |gmem_addr_17_read_reg_4436             |  512|   0|  512|          0|
    |gmem_addr_18_read_reg_4476             |  512|   0|  512|          0|
    |gmem_addr_20_read_reg_4381             |  512|   0|  512|          0|
    |gmem_addr_21_read_reg_4421             |  512|   0|  512|          0|
    |gmem_addr_22_read_reg_4516             |  512|   0|  512|          0|
    |gmem_addr_23_read_reg_4376             |  512|   0|  512|          0|
    |gmem_addr_24_read_reg_4406             |  512|   0|  512|          0|
    |gmem_addr_25_read_reg_4496             |  512|   0|  512|          0|
    |gmem_addr_26_read_reg_4609             |  512|   0|  512|          0|
    |gmem_addr_27_read_reg_4201             |  512|   0|  512|          0|
    |gmem_addr_28_read_reg_4211             |  512|   0|  512|          0|
    |gmem_addr_29_read_reg_4232             |  512|   0|  512|          0|
    |gmem_addr_33_read_reg_4325             |  512|   0|  512|          0|
    |gmem_addr_4_read_reg_3415              |  512|   0|  512|          0|
    |gmem_addr_5_read_reg_3420              |  512|   0|  512|          0|
    |gmem_addr_6_read_reg_3457              |  512|   0|  512|          0|
    |gmem_addr_7_read_reg_4058              |  512|   0|  512|          0|
    |gmem_addr_8_read_reg_4068              |  512|   0|  512|          0|
    |gmem_addr_9_read_reg_4089              |  512|   0|  512|          0|
    |icmp_ln10_reg_3744                     |    1|   0|    1|          0|
    |icmp_ln11_1_reg_3793                   |    1|   0|    1|          0|
    |icmp_ln11_reg_3788                     |    1|   0|    1|          0|
    |icmp_ln14_reg_3819                     |    1|   0|    1|          0|
    |icmp_ln48_reg_3921                     |    1|   0|    1|          0|
    |icmp_ln64_reg_3895                     |    1|   0|    1|          0|
    |icmp_ln81_reg_3995                     |    1|   0|    1|          0|
    |icmp_ln86_1_reg_4037                   |    1|   0|    1|          0|
    |icmp_ln86_reg_4028                     |    1|   0|    1|          0|
    |icmp_ln9_reg_3632                      |    1|   0|    1|          0|
    |indvar_flatten_reg_646                 |   19|   0|   19|          0|
    |lshr_ln_reg_3968                       |   14|   0|   14|          0|
    |mul10_mid1_reg_4671                    |   32|   0|   32|          0|
    |mul10_reg_4350                         |   32|   0|   32|          0|
    |mul11_mid1_reg_4640                    |   32|   0|   32|          0|
    |mul11_reg_4355                         |   32|   0|   32|          0|
    |mul14_reg_4314                         |   64|   0|   64|          0|
    |mul16_reg_4681                         |   32|   0|   32|          0|
    |mul17_reg_4706                         |   32|   0|   32|          0|
    |mul18_reg_4711                         |   32|   0|   32|          0|
    |mul19_reg_4701                         |   32|   0|   32|          0|
    |mul19_reg_4701_pp0_iter5_reg           |   32|   0|   32|          0|
    |mul3_mid1_reg_4578                     |   32|   0|   32|          0|
    |mul3_reg_4286                          |   32|   0|   32|          0|
    |mul9_mid1_reg_4614                     |   32|   0|   32|          0|
    |or_ln11_2_reg_3797                     |    1|   0|    1|          0|
    |p_cast12_mid1_reg_3682                 |    9|   0|   64|         55|
    |p_cast12_reg_3564                      |    9|   0|   64|         55|
    |p_mid129_reg_3666                      |   10|   0|   21|         11|
    |p_mid2_reg_3856                        |    9|   0|   18|          9|
    |p_mid_reg_3643                         |    9|   0|   20|         11|
    |phi_ln86_reg_722                       |  480|   0|  480|          0|
    |r_reg_634                              |   10|   0|   10|          0|
    |reg_1003                               |   32|   0|   32|          0|
    |reg_795                                |   32|   0|   32|          0|
    |reg_803                                |   32|   0|   32|          0|
    |reg_808                                |   32|   0|   32|          0|
    |reg_815                                |   32|   0|   32|          0|
    |reg_821                                |   32|   0|   32|          0|
    |reg_828                                |   32|   0|   32|          0|
    |reg_835                                |   64|   0|   64|          0|
    |reg_840                                |   64|   0|   64|          0|
    |reg_845                                |   32|   0|   32|          0|
    |reg_851                                |   32|   0|   32|          0|
    |reg_857                                |   64|   0|   64|          0|
    |reg_863                                |   32|   0|   32|          0|
    |reg_869                                |   32|   0|   32|          0|
    |reg_876                                |   64|   0|   64|          0|
    |reg_881                                |   64|   0|   64|          0|
    |reg_886                                |   64|   0|   64|          0|
    |reg_886_pp0_iter5_reg                  |   64|   0|   64|          0|
    |reg_891                                |   64|   0|   64|          0|
    |reg_896                                |   64|   0|   64|          0|
    |reg_901                                |   64|   0|   64|          0|
    |reg_907                                |   64|   0|   64|          0|
    |reg_912                                |   32|   0|   32|          0|
    |reg_917                                |   32|   0|   32|          0|
    |reg_922                                |   32|   0|   32|          0|
    |reg_929                                |   64|   0|   64|          0|
    |reg_934                                |   64|   0|   64|          0|
    |reg_939                                |   32|   0|   32|          0|
    |reg_944                                |   64|   0|   64|          0|
    |reg_944_pp0_iter5_reg                  |   64|   0|   64|          0|
    |reg_949                                |   32|   0|   32|          0|
    |reg_955                                |   64|   0|   64|          0|
    |reg_960                                |   64|   0|   64|          0|
    |reg_966                                |   64|   0|   64|          0|
    |reg_971                                |   64|   0|   64|          0|
    |reg_976                                |   64|   0|   64|          0|
    |reg_982                                |   64|   0|   64|          0|
    |reg_987                                |   64|   0|   64|          0|
    |reg_992                                |   64|   0|   64|          0|
    |reg_998                                |   64|   0|   64|          0|
    |select_ln48_reg_3930                   |    2|   0|   32|         30|
    |select_ln64_reg_3899                   |    2|   0|   32|         30|
    |select_ln9_1_reg_4094                  |  480|   0|  480|          0|
    |select_ln9_2_reg_4756                  |  480|   0|  480|          0|
    |select_ln9_3_reg_3764                  |   10|   0|   10|          0|
    |select_ln9_4_reg_3774                  |    1|   0|    1|          0|
    |select_ln9_5_reg_3778                  |    1|   0|    1|          0|
    |select_ln9_6_reg_4716                  |   32|   0|   32|          0|
    |select_ln9_7_reg_4721                  |   32|   0|   32|          0|
    |select_ln9_8_reg_4741                  |   64|   0|   64|          0|
    |select_ln9_9_reg_4746                  |   64|   0|   64|          0|
    |select_ln9_reg_3754                    |   10|   0|   10|          0|
    |sext_ln9_2_reg_3508                    |   59|   0|   59|          0|
    |shiftreg_reg_669                       |  480|   0|  480|          0|
    |sub13_mid1_reg_4696                    |   64|   0|   64|          0|
    |sub13_reg_4666                         |   64|   0|   64|          0|
    |tmp_6_reg_3957                         |    9|   0|    9|          0|
    |tmp_8_reg_3525                         |    9|   0|   20|         11|
    |trunc_ln14_1_reg_3801                  |    9|   0|    9|          0|
    |trunc_ln15_2_reg_3385                  |   32|   0|   32|          0|
    |trunc_ln16_2_reg_3395                  |   32|   0|   32|          0|
    |trunc_ln16_reg_3390                    |   32|   0|   32|          0|
    |trunc_ln17_1_reg_3335                  |   58|   0|   58|          0|
    |trunc_ln17_reg_3410                    |   32|   0|   32|          0|
    |trunc_ln1_reg_3925                     |   58|   0|   58|          0|
    |trunc_ln23_1_reg_3346                  |   58|   0|   58|          0|
    |trunc_ln23_reg_3498                    |   32|   0|   32|          0|
    |trunc_ln24_2_reg_3436                  |   32|   0|   32|          0|
    |trunc_ln24_3_reg_3357                  |   58|   0|   58|          0|
    |trunc_ln24_reg_3431                    |   32|   0|   32|          0|
    |trunc_ln25_1_reg_3374                  |   58|   0|   58|          0|
    |trunc_ln25_reg_3477                    |   32|   0|   32|          0|
    |trunc_ln2_reg_3935                     |   58|   0|   58|          0|
    |trunc_ln31_1_mid1_reg_3650             |   58|   0|   58|          0|
    |trunc_ln31_1_reg_3532                  |   58|   0|   58|          0|
    |trunc_ln31_2_reg_4206                  |   32|   0|   32|          0|
    |trunc_ln31_reg_4063                    |   32|   0|   32|          0|
    |trunc_ln32_1_reg_4222                  |   32|   0|   32|          0|
    |trunc_ln32_2_mid1_reg_4227             |   32|   0|   32|          0|
    |trunc_ln32_2_reg_4084                  |   32|   0|   32|          0|
    |trunc_ln32_3_mid1_reg_3661             |   58|   0|   58|          0|
    |trunc_ln32_3_reg_3543                  |   58|   0|   58|          0|
    |trunc_ln32_reg_4079                    |   32|   0|   32|          0|
    |trunc_ln33_1_mid1_reg_3677             |   58|   0|   58|          0|
    |trunc_ln33_1_reg_3559                  |   58|   0|   58|          0|
    |trunc_ln33_2_reg_4249                  |   32|   0|   32|          0|
    |trunc_ln33_reg_4111                    |   32|   0|   32|          0|
    |trunc_ln39_1_mid1_reg_3695             |   58|   0|   58|          0|
    |trunc_ln39_1_reg_3577                  |   58|   0|   58|          0|
    |trunc_ln39_2_reg_4254                  |   32|   0|   32|          0|
    |trunc_ln39_reg_4116                    |   32|   0|   32|          0|
    |trunc_ln3_reg_3840                     |   58|   0|   58|          0|
    |trunc_ln40_1_reg_4276                  |   32|   0|   32|          0|
    |trunc_ln40_2_mid1_reg_4281             |   32|   0|   32|          0|
    |trunc_ln40_2_reg_4143                  |   32|   0|   32|          0|
    |trunc_ln40_3_mid1_reg_3706             |   58|   0|   58|          0|
    |trunc_ln40_3_reg_3588                  |   58|   0|   58|          0|
    |trunc_ln40_reg_4138                    |   32|   0|   32|          0|
    |trunc_ln41_1_mid1_reg_3717             |   58|   0|   58|          0|
    |trunc_ln41_1_reg_3599                  |   58|   0|   58|          0|
    |trunc_ln41_2_reg_4304                  |   32|   0|   32|          0|
    |trunc_ln41_reg_4160                    |   32|   0|   32|          0|
    |trunc_ln47_1_reg_4416                  |   32|   0|   32|          0|
    |trunc_ln47_2_reg_3851                  |   58|   0|   58|          0|
    |trunc_ln48_3_reg_4506                  |   32|   0|   32|          0|
    |trunc_ln48_4_reg_4511                  |   32|   0|   32|          0|
    |trunc_ln48_reg_4501                    |   32|   0|   32|          0|
    |trunc_ln49_reg_4573                    |   32|   0|   32|          0|
    |trunc_ln56_1_mid1_reg_3728             |   58|   0|   58|          0|
    |trunc_ln56_1_reg_3610                  |   58|   0|   58|          0|
    |trunc_ln56_2_reg_4340                  |   32|   0|   32|          0|
    |trunc_ln56_reg_4181                    |   32|   0|   32|          0|
    |trunc_ln63_1_reg_4401                  |   32|   0|   32|          0|
    |trunc_ln63_2_reg_3878                  |    4|   0|    6|          2|
    |trunc_ln63_3_reg_3835                  |   58|   0|   58|          0|
    |trunc_ln64_3_reg_4486                  |   32|   0|   32|          0|
    |trunc_ln64_4_reg_4491                  |   32|   0|   32|          0|
    |trunc_ln64_reg_4481                    |   32|   0|   32|          0|
    |trunc_ln65_2_reg_3979                  |   58|   0|   58|          0|
    |trunc_ln65_reg_4552                    |   32|   0|   32|          0|
    |trunc_ln72_1_mid1_reg_3733             |   58|   0|   58|          0|
    |trunc_ln72_1_reg_3615                  |   58|   0|   58|          0|
    |trunc_ln72_2_reg_4345                  |   32|   0|   32|          0|
    |trunc_ln72_reg_4186                    |   32|   0|   32|          0|
    |trunc_ln80_1_reg_4391                  |   32|   0|   32|          0|
    |trunc_ln80_2_reg_3984                  |    4|   0|    6|          2|
    |trunc_ln80_3_reg_3808                  |   58|   0|   58|          0|
    |trunc_ln81_1_reg_4431                  |   32|   0|   32|          0|
    |trunc_ln81_3_reg_4471                  |   32|   0|   32|          0|
    |trunc_ln81_4_reg_3873                  |   58|   0|   58|          0|
    |trunc_ln81_5_reg_4584                  |   32|   0|   32|          0|
    |trunc_ln81_7_reg_4589                  |   32|   0|   32|          0|
    |trunc_ln81_8_reg_4594                  |   32|   0|   32|          0|
    |trunc_ln81_9_reg_3946                  |   58|   0|   58|          0|
    |trunc_ln81_reg_3868                    |    4|   0|    4|          0|
    |trunc_ln81_s_reg_3813                  |   58|   0|   58|          0|
    |trunc_ln86_1_reg_4656                  |   32|   0|   32|          0|
    |trunc_ln86_2_reg_4661                  |  480|   0|  480|          0|
    |trunc_ln9_2_reg_3769                   |    9|   0|    9|          0|
    |trunc_ln9_reg_3318                     |   58|   0|   58|          0|
    |trunc_ln_reg_3904                      |    4|   0|    6|          2|
    |zext_ln23_reg_3492                     |    6|   0|  512|        506|
    |zext_ln24_reg_3425                     |    6|   0|  512|        506|
    |zext_ln25_reg_3469                     |    6|   0|  512|        506|
    |zext_ln47_reg_3845                     |    9|   0|   64|         55|
    |add_ln48_2_reg_3916                    |   64|  32|    6|          0|
    |add_ln64_1_reg_3890                    |   64|  32|    6|          0|
    |add_ln81_6_reg_3990                    |   64|  32|    6|          0|
    |and_ln22_reg_3823                      |   64|  32|    1|          0|
    |and_ln30_reg_3827                      |   64|  32|    1|          0|
    |and_ln38_reg_3831                      |   64|  32|    1|          0|
    |icmp_ln10_reg_3744                     |   64|  32|    1|          0|
    |icmp_ln11_1_reg_3793                   |   64|  32|    1|          0|
    |icmp_ln11_reg_3788                     |   64|  32|    1|          0|
    |icmp_ln14_reg_3819                     |   64|  32|    1|          0|
    |icmp_ln48_reg_3921                     |   64|  32|    1|          0|
    |icmp_ln64_reg_3895                     |   64|  32|    1|          0|
    |icmp_ln81_reg_3995                     |   64|  32|    1|          0|
    |icmp_ln86_1_reg_4037                   |   64|  32|    1|          0|
    |icmp_ln86_reg_4028                     |   64|  32|    1|          0|
    |icmp_ln9_reg_3632                      |   64|  32|    1|          0|
    |or_ln11_2_reg_3797                     |   64|  32|    1|          0|
    |select_ln9_4_reg_3774                  |   64|  32|    1|          0|
    |select_ln9_5_reg_3778                  |   64|  32|    1|          0|
    |trunc_ln63_2_reg_3878                  |   64|  32|    6|          2|
    |trunc_ln80_2_reg_3984                  |   64|  32|    6|          2|
    |trunc_ln81_reg_3868                    |   64|  32|    4|          0|
    |trunc_ln86_1_reg_4656                  |   64|  32|   32|          0|
    |trunc_ln_reg_3904                      |   64|  32|    6|          2|
    +---------------------------------------+-----+----+-----+-----------+
    |Total                                  |32682| 768|33036|       1808|
    +---------------------------------------+-----+----+-----+-----------+



================================================================
== Interface
================================================================
* Summary: 
+---------------------+-----+-----+------------+--------------+--------------+
|      RTL Ports      | Dir | Bits|  Protocol  | Source Object|    C Type    |
+---------------------+-----+-----+------------+--------------+--------------+
|ap_clk               |  in |    1| ap_ctrl_hs |   hotspot.1  | return value |
|ap_rst               |  in |    1| ap_ctrl_hs |   hotspot.1  | return value |
|ap_start             |  in |    1| ap_ctrl_hs |   hotspot.1  | return value |
|ap_done              | out |    1| ap_ctrl_hs |   hotspot.1  | return value |
|ap_idle              | out |    1| ap_ctrl_hs |   hotspot.1  | return value |
|ap_ready             | out |    1| ap_ctrl_hs |   hotspot.1  | return value |
|m_axi_gmem_AWVALID   | out |    1|    m_axi   |     gmem     |    pointer   |
|m_axi_gmem_AWREADY   |  in |    1|    m_axi   |     gmem     |    pointer   |
|m_axi_gmem_AWADDR    | out |   64|    m_axi   |     gmem     |    pointer   |
|m_axi_gmem_AWID      | out |    1|    m_axi   |     gmem     |    pointer   |
|m_axi_gmem_AWLEN     | out |   32|    m_axi   |     gmem     |    pointer   |
|m_axi_gmem_AWSIZE    | out |    3|    m_axi   |     gmem     |    pointer   |
|m_axi_gmem_AWBURST   | out |    2|    m_axi   |     gmem     |    pointer   |
|m_axi_gmem_AWLOCK    | out |    2|    m_axi   |     gmem     |    pointer   |
|m_axi_gmem_AWCACHE   | out |    4|    m_axi   |     gmem     |    pointer   |
|m_axi_gmem_AWPROT    | out |    3|    m_axi   |     gmem     |    pointer   |
|m_axi_gmem_AWQOS     | out |    4|    m_axi   |     gmem     |    pointer   |
|m_axi_gmem_AWREGION  | out |    4|    m_axi   |     gmem     |    pointer   |
|m_axi_gmem_AWUSER    | out |    1|    m_axi   |     gmem     |    pointer   |
|m_axi_gmem_WVALID    | out |    1|    m_axi   |     gmem     |    pointer   |
|m_axi_gmem_WREADY    |  in |    1|    m_axi   |     gmem     |    pointer   |
|m_axi_gmem_WDATA     | out |  512|    m_axi   |     gmem     |    pointer   |
|m_axi_gmem_WSTRB     | out |   64|    m_axi   |     gmem     |    pointer   |
|m_axi_gmem_WLAST     | out |    1|    m_axi   |     gmem     |    pointer   |
|m_axi_gmem_WID       | out |    1|    m_axi   |     gmem     |    pointer   |
|m_axi_gmem_WUSER     | out |    1|    m_axi   |     gmem     |    pointer   |
|m_axi_gmem_ARVALID   | out |    1|    m_axi   |     gmem     |    pointer   |
|m_axi_gmem_ARREADY   |  in |    1|    m_axi   |     gmem     |    pointer   |
|m_axi_gmem_ARADDR    | out |   64|    m_axi   |     gmem     |    pointer   |
|m_axi_gmem_ARID      | out |    1|    m_axi   |     gmem     |    pointer   |
|m_axi_gmem_ARLEN     | out |   32|    m_axi   |     gmem     |    pointer   |
|m_axi_gmem_ARSIZE    | out |    3|    m_axi   |     gmem     |    pointer   |
|m_axi_gmem_ARBURST   | out |    2|    m_axi   |     gmem     |    pointer   |
|m_axi_gmem_ARLOCK    | out |    2|    m_axi   |     gmem     |    pointer   |
|m_axi_gmem_ARCACHE   | out |    4|    m_axi   |     gmem     |    pointer   |
|m_axi_gmem_ARPROT    | out |    3|    m_axi   |     gmem     |    pointer   |
|m_axi_gmem_ARQOS     | out |    4|    m_axi   |     gmem     |    pointer   |
|m_axi_gmem_ARREGION  | out |    4|    m_axi   |     gmem     |    pointer   |
|m_axi_gmem_ARUSER    | out |    1|    m_axi   |     gmem     |    pointer   |
|m_axi_gmem_RVALID    |  in |    1|    m_axi   |     gmem     |    pointer   |
|m_axi_gmem_RREADY    | out |    1|    m_axi   |     gmem     |    pointer   |
|m_axi_gmem_RDATA     |  in |  512|    m_axi   |     gmem     |    pointer   |
|m_axi_gmem_RLAST     |  in |    1|    m_axi   |     gmem     |    pointer   |
|m_axi_gmem_RID       |  in |    1|    m_axi   |     gmem     |    pointer   |
|m_axi_gmem_RUSER     |  in |    1|    m_axi   |     gmem     |    pointer   |
|m_axi_gmem_RRESP     |  in |    2|    m_axi   |     gmem     |    pointer   |
|m_axi_gmem_BVALID    |  in |    1|    m_axi   |     gmem     |    pointer   |
|m_axi_gmem_BREADY    | out |    1|    m_axi   |     gmem     |    pointer   |
|m_axi_gmem_BRESP     |  in |    2|    m_axi   |     gmem     |    pointer   |
|m_axi_gmem_BID       |  in |    1|    m_axi   |     gmem     |    pointer   |
|m_axi_gmem_BUSER     |  in |    1|    m_axi   |     gmem     |    pointer   |
|result               |  in |   64|   ap_none  |    result    |    scalar    |
|temp                 |  in |   64|   ap_none  |     temp     |    scalar    |
|power                |  in |   64|   ap_none  |     power    |    scalar    |
+---------------------+-----+-----+------------+--------------+--------------+

