

================================================================
== Vitis HLS Report for 'hotspot'
================================================================
* Date:           Tue May 18 19:33:41 2021

* Version:        2020.1 (Build 2902540 on Wed May 27 20:16:15 MDT 2020)
* Project:        hotspot_1_kernel
* Solution:       solution (Vitis Kernel Flow Target)
* Product family: virtexuplus
* Target device:  xcu200-fsgd2104-2-e


================================================================
== Performance Estimates
================================================================
+ Timing: 
    * Summary: 
    +--------+---------+----------+------------+
    |  Clock |  Target | Estimated| Uncertainty|
    +--------+---------+----------+------------+
    |ap_clk  | 3.33 ns | 2.342 ns |   0.90 ns  |
    +--------+---------+----------+------------+

+ Latency: 
    * Summary: 
    +---------+---------+----------+----------+-------+-------+---------+
    |  Latency (cycles) |  Latency (absolute) |    Interval   | Pipeline|
    |   min   |   max   |    min   |    max   |  min  |  max  |   Type  |
    +---------+---------+----------+----------+-------+-------+---------+
    |    98357|    98357| 0.328 ms | 0.328 ms |  98357|  98357|   none  |
    +---------+---------+----------+----------+-------+-------+---------+

    + Detail: 
        * Instance: 
        N/A

        * Loop: 
        +----------------------------------+---------+---------+----------+-----------+-----------+-------+----------+
        |                                  |  Latency (cycles) | Iteration|  Initiation Interval  |  Trip |          |
        |             Loop Name            |   min   |   max   |  Latency |  achieved |   target  | Count | Pipelined|
        +----------------------------------+---------+---------+----------+-----------+-----------+-------+----------+
        |- VITIS_LOOP_9_1_VITIS_LOOP_10_2  |    98355|    98355|        55|          3|          1|  32768|    yes   |
        +----------------------------------+---------+---------+----------+-----------+-----------+-------+----------+



================================================================
== Utilization Estimates
================================================================
* Summary: 
+---------------------+---------+------+---------+---------+-----+
|         Name        | BRAM_18K|  DSP |    FF   |   LUT   | URAM|
+---------------------+---------+------+---------+---------+-----+
|DSP                  |        -|     -|        -|        -|    -|
|Expression           |        -|     -|        0|      392|    -|
|FIFO                 |        -|     -|        -|        -|    -|
|Instance             |        -|    12|     1240|      750|    -|
|Memory               |        -|     -|        -|        -|    -|
|Multiplexer          |        -|     -|        -|      345|    -|
|Register             |        -|     -|     1253|      224|    -|
+---------------------+---------+------+---------+---------+-----+
|Total                |        0|    12|     2493|     1711|    0|
+---------------------+---------+------+---------+---------+-----+
|Available SLR        |     1440|  2280|   788160|   394080|  320|
+---------------------+---------+------+---------+---------+-----+
|Utilization SLR (%)  |        0|  ~0  |    ~0   |    ~0   |    0|
+---------------------+---------+------+---------+---------+-----+
|Available            |     4320|  6840|  2364480|  1182240|  960|
+---------------------+---------+------+---------+---------+-----+
|Utilization (%)      |        0|  ~0  |    ~0   |    ~0   |    0|
+---------------------+---------+------+---------+---------+-----+

+ Detail: 
    * Instance: 
    +---------------------------------------+------------------------------------+---------+----+-----+-----+-----+
    |                Instance               |               Module               | BRAM_18K| DSP|  FF | LUT | URAM|
    +---------------------------------------+------------------------------------+---------+----+-----+-----+-----+
    |fadd_32ns_32ns_32_7_full_dsp_1_U3      |fadd_32ns_32ns_32_7_full_dsp_1      |        0|   2|  318|  198|    0|
    |faddfsub_32ns_32ns_32_7_full_dsp_1_U1  |faddfsub_32ns_32ns_32_7_full_dsp_1  |        0|   2|  318|  198|    0|
    |faddfsub_32ns_32ns_32_7_full_dsp_1_U2  |faddfsub_32ns_32ns_32_7_full_dsp_1  |        0|   2|  318|  198|    0|
    |fmul_32ns_32ns_32_4_max_dsp_1_U4       |fmul_32ns_32ns_32_4_max_dsp_1       |        0|   3|  143|   78|    0|
    |fmul_32ns_32ns_32_4_max_dsp_1_U5       |fmul_32ns_32ns_32_4_max_dsp_1       |        0|   3|  143|   78|    0|
    +---------------------------------------+------------------------------------+---------+----+-----+-----+-----+
    |Total                                  |                                    |        0|  12| 1240|  750|    0|
    +---------------------------------------+------------------------------------+---------+----+-----+-----+-----+

    * DSP: 
    N/A

    * Memory: 
    N/A

    * FIFO: 
    N/A

    * Expression: 
    +--------------------------+----------+----+---+----+------------+------------+
    |       Variable Name      | Operation| DSP| FF| LUT| Bitwidth P0| Bitwidth P1|
    +--------------------------+----------+----+---+----+------------+------------+
    |add_ln10_fu_423_p2        |     +    |   0|  0|  17|           1|          10|
    |add_ln12_fu_338_p2        |     +    |   0|  0|  23|          16|          16|
    |add_ln13_fu_344_p2        |     +    |   0|  0|  22|          15|          15|
    |add_ln14_fu_406_p2        |     +    |   0|  0|  23|           1|          16|
    |add_ln15_fu_378_p2        |     +    |   0|  0|  23|          16|          16|
    |add_ln16_fu_433_p2        |     +    |   0|  0|  23|           2|          16|
    |add_ln9_1_fu_253_p2       |     +    |   0|  0|  15|           1|           7|
    |add_ln9_fu_233_p2         |     +    |   0|  0|  23|          16|           1|
    |cmp18_not_fu_221_p2       |   icmp   |   0|  0|   9|           3|           2|
    |cmp19_not5_fu_277_p2      |   icmp   |   0|  0|  11|           7|           6|
    |cmp19_not_mid1_fu_310_p2  |   icmp   |   0|  0|  11|           7|           6|
    |cmp3_not_fu_215_p2        |   icmp   |   0|  0|   9|           3|           1|
    |cmp4_not6_fu_271_p2       |   icmp   |   0|  0|  11|           7|           1|
    |cmp4_not_mid1_fu_294_p2   |   icmp   |   0|  0|  11|           7|           1|
    |icmp_ln10_fu_239_p2       |   icmp   |   0|  0|  13|          10|          11|
    |icmp_ln14_fu_401_p2       |   icmp   |   0|  0|  13|          10|           9|
    |icmp_ln16_fu_428_p2       |   icmp   |   0|  0|  13|          10|           1|
    |icmp_ln9_fu_227_p2        |   icmp   |   0|  0|  20|          16|          17|
    |or_ln9_1_fu_321_p2        |    or    |   0|  0|   2|           1|           1|
    |or_ln9_fu_305_p2          |    or    |   0|  0|   2|           1|           1|
    |bottom_fu_384_p3          |  select  |   0|  0|  16|           1|          16|
    |select_ln14_fu_411_p3     |  select  |   0|  0|  16|           1|          16|
    |select_ln16_fu_438_p3     |  select  |   0|  0|  16|           1|          16|
    |select_ln9_1_fu_259_p3    |  select  |   0|  0|   7|           1|           7|
    |select_ln9_2_fu_299_p3    |  select  |   0|  0|   2|           1|           1|
    |select_ln9_3_fu_315_p3    |  select  |   0|  0|   2|           1|           1|
    |select_ln9_fu_245_p3      |  select  |   0|  0|  10|           1|           1|
    |top_fu_354_p3             |  select  |   0|  0|  16|           1|          16|
    |ap_enable_pp0             |    xor   |   0|  0|   2|           1|           2|
    |xor_ln12_fu_329_p2        |    xor   |   0|  0|  11|          10|          11|
    +--------------------------+----------+----+---+----+------------+------------+
    |Total                     |          |   0|  0| 392|         169|         241|
    +--------------------------+----------+----+---+----+------------+------------+

    * Multiplexer: 
    +-----------------------------------------+----+-----------+-----+-----------+
    |                   Name                  | LUT| Input Size| Bits| Total Bits|
    +-----------------------------------------+----+-----------+-----+-----------+
    |ap_NS_fsm                                |  33|          6|    1|          6|
    |ap_enable_reg_pp0_iter18                 |   9|          2|    1|          2|
    |ap_phi_mux_c_phi_fu_183_p4               |   9|          2|   10|         20|
    |ap_phi_mux_indvar_flatten_phi_fu_161_p4  |   9|          2|   16|         32|
    |ap_phi_mux_r_phi_fu_172_p4               |   9|          2|    7|         14|
    |c_reg_179                                |   9|          2|   10|         20|
    |grp_fu_190_opcode                        |  15|          3|    2|          6|
    |grp_fu_190_p0                            |  21|          4|   32|        128|
    |grp_fu_190_p1                            |  21|          4|   32|        128|
    |grp_fu_195_opcode                        |  15|          3|    2|          6|
    |grp_fu_195_p0                            |  21|          4|   32|        128|
    |grp_fu_195_p1                            |  21|          4|   32|        128|
    |grp_fu_199_p0                            |  21|          4|   32|        128|
    |grp_fu_199_p1                            |  21|          4|   32|        128|
    |grp_fu_203_p0                            |  21|          4|   32|        128|
    |grp_fu_203_p1                            |  21|          4|   32|        128|
    |grp_fu_209_p0                            |  15|          3|   32|         96|
    |indvar_flatten_reg_157                   |   9|          2|   16|         32|
    |r_reg_168                                |   9|          2|    7|         14|
    |temp_address0                            |  21|          4|   16|         64|
    |temp_address1                            |  15|          3|   16|         48|
    +-----------------------------------------+----+-----------+-----+-----------+
    |Total                                    | 345|         68|  392|       1384|
    +-----------------------------------------+----+-----------+-----+-----------+

    * Register: 
    +--------------------------+----+----+-----+-----------+
    |           Name           | FF | LUT| Bits| Const Bits|
    +--------------------------+----+----+-----+-----------+
    |add1_reg_646              |  32|   0|   32|          0|
    |add2_reg_601              |  32|   0|   32|          0|
    |add3_reg_651              |  32|   0|   32|          0|
    |add4_reg_656              |  32|   0|   32|          0|
    |add5_reg_666              |  32|   0|   32|          0|
    |add_ln10_reg_559          |  10|   0|   10|          0|
    |add_ln12_reg_515          |  16|   0|   16|          0|
    |add_ln13_reg_524          |  15|   0|   15|          0|
    |add_ln9_1_reg_489         |   7|   0|    7|          0|
    |add_ln9_reg_468           |  16|   0|   16|          0|
    |add_reg_591               |  32|   0|   32|          0|
    |ap_CS_fsm                 |   5|   0|    5|          0|
    |ap_enable_reg_pp0_iter0   |   1|   0|    1|          0|
    |ap_enable_reg_pp0_iter1   |   1|   0|    1|          0|
    |ap_enable_reg_pp0_iter10  |   1|   0|    1|          0|
    |ap_enable_reg_pp0_iter11  |   1|   0|    1|          0|
    |ap_enable_reg_pp0_iter12  |   1|   0|    1|          0|
    |ap_enable_reg_pp0_iter13  |   1|   0|    1|          0|
    |ap_enable_reg_pp0_iter14  |   1|   0|    1|          0|
    |ap_enable_reg_pp0_iter15  |   1|   0|    1|          0|
    |ap_enable_reg_pp0_iter16  |   1|   0|    1|          0|
    |ap_enable_reg_pp0_iter17  |   1|   0|    1|          0|
    |ap_enable_reg_pp0_iter18  |   1|   0|    1|          0|
    |ap_enable_reg_pp0_iter2   |   1|   0|    1|          0|
    |ap_enable_reg_pp0_iter3   |   1|   0|    1|          0|
    |ap_enable_reg_pp0_iter4   |   1|   0|    1|          0|
    |ap_enable_reg_pp0_iter5   |   1|   0|    1|          0|
    |ap_enable_reg_pp0_iter6   |   1|   0|    1|          0|
    |ap_enable_reg_pp0_iter7   |   1|   0|    1|          0|
    |ap_enable_reg_pp0_iter8   |   1|   0|    1|          0|
    |ap_enable_reg_pp0_iter9   |   1|   0|    1|          0|
    |bottom_1_reg_554          |  32|   0|   32|          0|
    |c_reg_179                 |  10|   0|   10|          0|
    |center_reg_564            |  32|   0|   32|          0|
    |cmp18_not_reg_459         |   1|   0|    1|          0|
    |cmp19_not5_reg_510        |   1|   0|    1|          0|
    |cmp3_not_reg_454          |   1|   0|    1|          0|
    |cmp4_not6_reg_505         |   1|   0|    1|          0|
    |delta_reg_661             |  32|   0|   32|          0|
    |icmp_ln10_reg_473         |   1|   0|    1|          0|
    |icmp_ln9_reg_464          |   1|   0|    1|          0|
    |indvar_flatten_reg_157    |  16|   0|   16|          0|
    |left_reg_581              |  32|   0|   32|          0|
    |mul1_reg_636              |  32|   0|   32|          0|
    |mul2_reg_641              |  32|   0|   32|          0|
    |mul3_reg_606              |  32|   0|   32|          0|
    |mul_reg_586               |  32|   0|   32|          0|
    |power_load_reg_631        |  32|   0|   32|          0|
    |r_reg_168                 |   7|   0|    7|          0|
    |right_reg_571             |  32|   0|   32|          0|
    |select_ln9_1_reg_495      |   7|   0|    7|          0|
    |select_ln9_reg_479        |  10|   0|   10|          0|
    |sub1_reg_616              |  32|   0|   32|          0|
    |sub2_reg_596              |  32|   0|   32|          0|
    |sub_reg_611               |  32|   0|   32|          0|
    |top_1_reg_544             |  32|   0|   32|          0|
    |trunc_ln9_reg_500         |   6|   0|    6|          0|
    |zext_ln13_reg_621         |  15|   0|   64|         49|
    |add_ln13_reg_524          |  64|  32|   15|          0|
    |center_reg_564            |  64|  32|   32|          0|
    |icmp_ln9_reg_464          |  64|  32|    1|          0|
    |mul2_reg_641              |  64|  32|   32|          0|
    |mul3_reg_606              |  64|  32|   32|          0|
    |mul_reg_586               |  64|  32|   32|          0|
    |zext_ln13_reg_621         |  64|  32|   64|         49|
    +--------------------------+----+----+-----+-----------+
    |Total                     |1253| 224| 1062|         98|
    +--------------------------+----+----+-----+-----------+



================================================================
== Interface
================================================================
* Summary: 
+-----------------+-----+-----+------------+----------------+--------------+
|    RTL Ports    | Dir | Bits|  Protocol  |  Source Object |    C Type    |
+-----------------+-----+-----+------------+----------------+--------------+
|ap_clk           |  in |    1| ap_ctrl_hs |     hotspot    | return value |
|ap_rst           |  in |    1| ap_ctrl_hs |     hotspot    | return value |
|ap_start         |  in |    1| ap_ctrl_hs |     hotspot    | return value |
|ap_done          | out |    1| ap_ctrl_hs |     hotspot    | return value |
|ap_idle          | out |    1| ap_ctrl_hs |     hotspot    | return value |
|ap_ready         | out |    1| ap_ctrl_hs |     hotspot    | return value |
|result_address0  | out |   15|  ap_memory |     result     |     array    |
|result_ce0       | out |    1|  ap_memory |     result     |     array    |
|result_we0       | out |    1|  ap_memory |     result     |     array    |
|result_d0        | out |   32|  ap_memory |     result     |     array    |
|temp_address0    | out |   16|  ap_memory |      temp      |     array    |
|temp_ce0         | out |    1|  ap_memory |      temp      |     array    |
|temp_q0          |  in |   32|  ap_memory |      temp      |     array    |
|temp_address1    | out |   16|  ap_memory |      temp      |     array    |
|temp_ce1         | out |    1|  ap_memory |      temp      |     array    |
|temp_q1          |  in |   32|  ap_memory |      temp      |     array    |
|power_address0   | out |   15|  ap_memory |      power     |     array    |
|power_ce0        | out |    1|  ap_memory |      power     |     array    |
|power_q0         |  in |   32|  ap_memory |      power     |     array    |
|which_boundary   |  in |    3|   ap_none  | which_boundary |    scalar    |
+-----------------+-----+-----+------------+----------------+--------------+

